{"timestamp": "2025-07-25 09:35:48,035", "level": "INFO", "module": "tools", "message": "Starting embeddings_create execution"}
{"timestamp": "2025-07-25 09:35:48,036", "level": "INFO", "module": "tools", "message": "Completed embeddings_create execution"}
{"timestamp": "2025-07-25 09:35:48,036", "level": "INFO", "module": "tools", "message": "Starting vector_search execution"}
{"timestamp": "2025-07-25 09:35:48,036", "level": "INFO", "module": "tools", "message": "Completed vector_search execution"}
{"timestamp": "2025-07-25 09:37:59,799", "level": "INFO", "module": "tools", "message": "Starting embeddings_create execution"}
{"timestamp": "2025-07-25 09:37:59,801", "level": "INFO", "module": "tools", "message": "Completed embeddings_create execution"}
{"timestamp": "2025-07-25 09:40:09,580", "level": "INFO", "module": "tools", "message": "Starting ai_chat execution"}
{"timestamp": "2025-07-25 09:40:11,060", "level": "INFO", "module": "tools", "message": "Completed ai_chat execution"}
{"timestamp": "2025-07-25 09:40:35,180", "level": "INFO", "module": "tools", "message": "Starting embeddings_create execution"}
{"timestamp": "2025-07-25 09:40:35,182", "level": "INFO", "module": "tools", "message": "Completed embeddings_create execution"}
{"timestamp": "2025-07-25 09:42:57,341", "level": "INFO", "module": "tools", "message": "Starting ai_chat execution"}
{"timestamp": "2025-07-25 09:42:58,512", "level": "INFO", "module": "tools", "message": "Completed ai_chat execution"}
{"timestamp": "2025-07-25 09:43:48,720", "level": "INFO", "module": "tools", "message": "Starting embeddings_create execution"}
{"timestamp": "2025-07-25 09:43:48,720", "level": "INFO", "module": "tools", "message": "Completed embeddings_create execution"}
{"timestamp": "2025-07-25 09:44:35,089", "level": "INFO", "module": "tools", "message": "Starting ai_chat execution"}
{"timestamp": "2025-07-25 09:44:36,018", "level": "INFO", "module": "tools", "message": "Completed ai_chat execution"}
{"timestamp": "2025-07-25 09:44:36,018", "level": "INFO", "module": "tools", "message": "Starting ai_chat execution"}
{"timestamp": "2025-07-25 09:44:36,185", "level": "INFO", "module": "tools", "message": "Completed ai_chat execution"}
{"timestamp": "2025-07-25 09:44:36,185", "level": "INFO", "module": "tools", "message": "Starting ai_chat execution"}
{"timestamp": "2025-07-25 09:44:36,186", "level": "INFO", "module": "tools", "message": "Completed ai_chat execution"}
{"timestamp": "2025-07-25 09:47:28,768", "level": "INFO", "module": "tools", "message": "Starting embeddings_create execution"}
{"timestamp": "2025-07-25 09:47:28,768", "level": "INFO", "module": "tools", "message": "Completed embeddings_create execution"}
{"timestamp": "2025-07-25 09:47:28,769", "level": "INFO", "module": "tools", "message": "Starting vector_search execution"}
{"timestamp": "2025-07-25 09:47:28,769", "level": "INFO", "module": "tools", "message": "Completed vector_search execution"}
{"timestamp": "2025-07-25 09:50:51,598", "level": "INFO", "module": "tools", "message": "Starting embeddings_create execution"}
{"timestamp": "2025-07-25 09:50:51,598", "level": "INFO", "module": "tools", "message": "Completed embeddings_create execution"}
{"timestamp": "2025-07-25 09:51:48,888", "level": "INFO", "module": "tools", "message": "Starting embeddings_create execution"}
{"timestamp": "2025-07-25 09:51:48,893", "level": "INFO", "module": "tools", "message": "Completed embeddings_create execution"}
{"timestamp": "2025-07-25 09:51:48,894", "level": "INFO", "module": "tools", "message": "Starting vector_search execution"}
{"timestamp": "2025-07-25 09:51:48,894", "level": "INFO", "module": "tools", "message": "Completed vector_search execution"}
{"timestamp": "2025-07-25 09:51:48,894", "level": "INFO", "module": "tools", "message": "Starting vector_search execution"}
{"timestamp": "2025-07-25 09:51:48,895", "level": "INFO", "module": "tools", "message": "Completed vector_search execution"}
{"timestamp": "2025-07-25 09:51:48,895", "level": "INFO", "module": "tools", "message": "Starting ml_train execution"}
{"timestamp": "2025-07-25 09:52:18,725", "level": "INFO", "module": "tools", "message": "Completed ml_train execution"}
{"timestamp": "2025-07-25 09:52:46,330", "level": "INFO", "module": "tools", "message": "Starting ml_train execution"}
{"timestamp": "2025-07-25 09:52:46,911", "level": "INFO", "module": "tools", "message": "Completed ml_train execution"}
{"timestamp": "2025-07-25 09:53:11,792", "level": "INFO", "module": "tools", "message": "Starting embeddings_create execution"}
{"timestamp": "2025-07-25 09:53:11,792", "level": "INFO", "module": "tools", "message": "Completed embeddings_create execution"}
{"timestamp": "2025-07-25 09:53:11,793", "level": "INFO", "module": "tools", "message": "Starting vector_search execution"}
{"timestamp": "2025-07-25 09:53:11,793", "level": "INFO", "module": "tools", "message": "Completed vector_search execution"}
{"timestamp": "2025-07-25 09:53:11,793", "level": "INFO", "module": "tools", "message": "Starting vector_search execution"}
{"timestamp": "2025-07-25 09:53:11,794", "level": "INFO", "module": "tools", "message": "Completed vector_search execution"}
{"timestamp": "2025-07-25 09:53:11,794", "level": "INFO", "module": "tools", "message": "Starting ml_train execution"}
{"timestamp": "2025-07-25 09:53:12,173", "level": "INFO", "module": "tools", "message": "Completed ml_train execution"}
{"timestamp": "2025-07-25 09:53:12,173", "level": "INFO", "module": "tools", "message": "Starting nlp_analyze execution"}
{"timestamp": "2025-07-25 09:53:12,174", "level": "INFO", "module": "tools", "message": "Completed nlp_analyze execution"}
{"timestamp": "2025-07-25 09:53:12,174", "level": "INFO", "module": "tools", "message": "Starting nlp_analyze execution"}
{"timestamp": "2025-07-25 09:53:12,174", "level": "INFO", "module": "tools", "message": "Completed nlp_analyze execution"}
{"timestamp": "2025-07-25 09:53:12,174", "level": "INFO", "module": "tools", "message": "Starting computer_vision execution"}
{"timestamp": "2025-07-25 09:53:12,174", "level": "INFO", "module": "tools", "message": "Completed computer_vision execution"}
{"timestamp": "2025-07-25 09:59:03,389", "level": "INFO", "module": "tools", "message": "Starting project_scaffold execution"}
{"timestamp": "2025-07-25 09:59:03,390", "level": "INFO", "module": "tools", "message": "Completed project_scaffold execution"}
{"timestamp": "2025-07-25 09:59:58,445", "level": "INFO", "module": "tools", "message": "Starting embeddings_create execution"}
{"timestamp": "2025-07-25 09:59:58,446", "level": "INFO", "module": "tools", "message": "Completed embeddings_create execution"}
{"timestamp": "2025-07-25 10:03:18,707", "level": "INFO", "module": "tools", "message": "Starting embeddings_create execution"}
{"timestamp": "2025-07-25 10:03:18,707", "level": "INFO", "module": "tools", "message": "Completed embeddings_create execution"}
{"timestamp": "2025-09-07 02:58:09,036", "level": "INFO", "module": "tools", "message": "Starting download_python_docs execution"}
{"timestamp": "2025-09-07 03:00:54,512", "level": "INFO", "module": "tools", "message": "Completed download_python_docs execution"}
{"timestamp": "2025-09-07 03:57:23,662", "level": "INFO", "module": "tools", "message": "Starting validate_yaml execution"}
{"timestamp": "2025-09-07 03:57:23,664", "level": "ERROR", "module": "tools", "message": "Failed validate_yaml execution"}
{"timestamp": "2025-09-07 03:57:48,280", "level": "INFO", "module": "tools", "message": "Starting validate_yaml execution"}
{"timestamp": "2025-09-07 03:57:48,289", "level": "INFO", "module": "tools", "message": "Completed validate_yaml execution"}
{"timestamp": "2025-09-07 03:57:48,289", "level": "INFO", "module": "tools", "message": "Starting repair_yaml execution"}
{"timestamp": "2025-09-07 03:57:48,293", "level": "INFO", "module": "tools", "message": "Completed repair_yaml execution"}
{"timestamp": "2025-09-07 03:57:48,716", "level": "INFO", "module": "tools", "message": "Starting validate_json execution"}
{"timestamp": "2025-09-07 03:57:48,719", "level": "INFO", "module": "tools", "message": "Completed validate_json execution"}
{"timestamp": "2025-09-07 03:57:48,719", "level": "INFO", "module": "tools", "message": "Starting repair_json execution"}
{"timestamp": "2025-09-07 03:57:48,729", "level": "INFO", "module": "tools", "message": "Completed repair_json execution"}
{"timestamp": "2025-09-07 03:57:48,729", "level": "INFO", "module": "tools", "message": "Starting detect_format execution"}
{"timestamp": "2025-09-07 03:57:48,730", "level": "INFO", "module": "tools", "message": "Completed detect_format execution"}
{"timestamp": "2025-09-07 03:57:48,730", "level": "INFO", "module": "tools", "message": "Starting detect_format execution"}
{"timestamp": "2025-09-07 03:57:48,731", "level": "INFO", "module": "tools", "message": "Completed detect_format execution"}
{"timestamp": "2025-09-07 03:57:48,731", "level": "INFO", "module": "tools", "message": "Starting detect_format execution"}
{"timestamp": "2025-09-07 03:57:48,732", "level": "INFO", "module": "tools", "message": "Completed detect_format execution"}
{"timestamp": "2025-09-07 03:57:48,749", "level": "INFO", "module": "tools", "message": "Starting detect_format execution"}
{"timestamp": "2025-09-07 03:57:48,750", "level": "INFO", "module": "tools", "message": "Completed detect_format execution"}
{"timestamp": "2025-09-07 03:57:48,750", "level": "INFO", "module": "tools", "message": "Starting detect_format execution"}
{"timestamp": "2025-09-07 03:57:48,751", "level": "INFO", "module": "tools", "message": "Completed detect_format execution"}
{"timestamp": "2025-09-07 03:57:48,754", "level": "INFO", "module": "tools", "message": "Starting convert_yaml_to_json execution"}
{"timestamp": "2025-09-07 03:57:48,763", "level": "INFO", "module": "tools", "message": "Completed convert_yaml_to_json execution"}
{"timestamp": "2025-09-07 03:57:48,763", "level": "INFO", "module": "tools", "message": "Starting convert_json_to_yaml execution"}
{"timestamp": "2025-09-07 03:57:48,784", "level": "INFO", "module": "tools", "message": "Completed convert_json_to_yaml execution"}
{"timestamp": "2025-09-07 03:57:48,784", "level": "INFO", "module": "tools", "message": "Starting compare_data_structures execution"}
{"timestamp": "2025-09-07 03:57:48,784", "level": "INFO", "module": "tools", "message": "Starting detect_format execution"}
{"timestamp": "2025-09-07 03:57:48,785", "level": "INFO", "module": "tools", "message": "Completed detect_format execution"}
{"timestamp": "2025-09-07 03:57:48,787", "level": "INFO", "module": "tools", "message": "Starting detect_format execution"}
{"timestamp": "2025-09-07 03:57:48,788", "level": "INFO", "module": "tools", "message": "Completed detect_format execution"}
{"timestamp": "2025-09-07 03:57:48,794", "level": "INFO", "module": "tools", "message": "Completed compare_data_structures execution"}
{"timestamp": "2025-09-07 03:57:48,794", "level": "INFO", "module": "tools", "message": "Starting validate_with_schema execution"}
{"timestamp": "2025-09-07 03:57:48,897", "level": "INFO", "module": "tools", "message": "Completed validate_with_schema execution"}
{"timestamp": "2025-09-07 03:57:49,030", "level": "INFO", "module": "tools", "message": "Starting validate_yaml execution"}
{"timestamp": "2025-09-07 03:57:56,863", "level": "INFO", "module": "tools", "message": "Completed validate_yaml execution"}
{"timestamp": "2025-09-07 04:42:30,130", "level": "INFO", "module": "tools", "message": "Starting advanced_json_processing execution"}
{"timestamp": "2025-09-07 04:42:30,233", "level": "INFO", "module": "tools", "message": "Completed advanced_json_processing execution"}
{"timestamp": "2025-09-07 04:42:30,233", "level": "INFO", "module": "tools", "message": "Starting advanced_yaml_processing execution"}
{"timestamp": "2025-09-07 04:42:30,335", "level": "INFO", "module": "tools", "message": "Completed advanced_yaml_processing execution"}
{"timestamp": "2025-09-07 04:42:30,336", "level": "INFO", "module": "tools", "message": "Starting structured_output_generation execution"}
{"timestamp": "2025-09-07 04:42:30,352", "level": "INFO", "module": "tools", "message": "Completed structured_output_generation execution"}
{"timestamp": "2025-09-07 04:42:30,352", "level": "INFO", "module": "tools", "message": "Starting batch_format_conversion execution"}
{"timestamp": "2025-09-07 04:42:30,352", "level": "INFO", "module": "tools", "message": "Starting structured_output_generation execution"}
{"timestamp": "2025-09-07 04:42:30,354", "level": "INFO", "module": "tools", "message": "Completed structured_output_generation execution"}
{"timestamp": "2025-09-07 04:42:30,355", "level": "INFO", "module": "tools", "message": "Starting structured_output_generation execution"}
{"timestamp": "2025-09-07 04:42:30,357", "level": "INFO", "module": "tools", "message": "Completed structured_output_generation execution"}
{"timestamp": "2025-09-07 04:42:30,358", "level": "INFO", "module": "tools", "message": "Starting structured_output_generation execution"}
{"timestamp": "2025-09-07 04:42:30,757", "level": "INFO", "module": "tools", "message": "Completed structured_output_generation execution"}
{"timestamp": "2025-09-07 04:42:30,761", "level": "INFO", "module": "tools", "message": "Starting structured_output_generation execution"}
{"timestamp": "2025-09-07 04:42:30,915", "level": "INFO", "module": "tools", "message": "Completed structured_output_generation execution"}
{"timestamp": "2025-09-07 04:42:30,928", "level": "INFO", "module": "tools", "message": "Starting structured_output_generation execution"}
{"timestamp": "2025-09-07 04:42:30,930", "level": "INFO", "module": "tools", "message": "Completed structured_output_generation execution"}
{"timestamp": "2025-09-07 04:42:30,930", "level": "INFO", "module": "tools", "message": "Starting structured_output_generation execution"}
{"timestamp": "2025-09-07 04:42:30,931", "level": "INFO", "module": "tools", "message": "Completed structured_output_generation execution"}
{"timestamp": "2025-09-07 04:42:30,931", "level": "INFO", "module": "tools", "message": "Starting structured_output_generation execution"}
{"timestamp": "2025-09-07 04:42:30,932", "level": "INFO", "module": "tools", "message": "Completed structured_output_generation execution"}
{"timestamp": "2025-09-07 04:42:30,932", "level": "INFO", "module": "tools", "message": "Starting structured_output_generation execution"}
{"timestamp": "2025-09-07 04:42:30,933", "level": "INFO", "module": "tools", "message": "Completed structured_output_generation execution"}
{"timestamp": "2025-09-07 04:42:30,933", "level": "INFO", "module": "tools", "message": "Starting structured_output_generation execution"}
{"timestamp": "2025-09-07 04:42:30,935", "level": "INFO", "module": "tools", "message": "Completed structured_output_generation execution"}
{"timestamp": "2025-09-07 04:42:30,935", "level": "INFO", "module": "tools", "message": "Starting structured_output_generation execution"}
{"timestamp": "2025-09-07 04:42:30,940", "level": "INFO", "module": "tools", "message": "Completed structured_output_generation execution"}
{"timestamp": "2025-09-07 04:42:30,962", "level": "INFO", "module": "tools", "message": "Completed batch_format_conversion execution"}
{"timestamp": "2025-09-07 04:42:30,963", "level": "INFO", "module": "tools", "message": "Starting validate_yaml execution"}
{"timestamp": "2025-09-07 04:42:30,982", "level": "INFO", "module": "tools", "message": "Completed validate_yaml execution"}
{"timestamp": "2025-09-07 04:42:30,982", "level": "INFO", "module": "tools", "message": "Starting repair_json execution"}
{"timestamp": "2025-09-07 04:42:30,983", "level": "INFO", "module": "tools", "message": "Completed repair_json execution"}
{"timestamp": "2025-09-07 04:42:30,985", "level": "INFO", "module": "tools", "message": "Starting validate_json execution"}
{"timestamp": "2025-09-07 04:42:30,989", "level": "INFO", "module": "tools", "message": "Completed validate_json execution"}
{"timestamp": "2025-09-07 04:42:30,989", "level": "INFO", "module": "tools", "message": "Starting format_json execution"}
{"timestamp": "2025-09-07 04:42:30,989", "level": "INFO", "module": "tools", "message": "Completed format_json execution"}
{"timestamp": "2025-09-07 04:42:30,989", "level": "INFO", "module": "tools", "message": "Starting format_json execution"}
{"timestamp": "2025-09-07 04:42:30,990", "level": "INFO", "module": "tools", "message": "Completed format_json execution"}
{"timestamp": "2025-09-07 04:42:30,990", "level": "INFO", "module": "tools", "message": "Starting format_json execution"}
{"timestamp": "2025-09-07 04:42:30,990", "level": "INFO", "module": "tools", "message": "Completed format_json execution"}
{"timestamp": "2025-09-07 04:42:30,998", "level": "INFO", "module": "tools", "message": "Starting format_json execution"}
{"timestamp": "2025-09-07 04:42:30,998", "level": "INFO", "module": "tools", "message": "Completed format_json execution"}
{"timestamp": "2025-09-07 04:42:30,998", "level": "INFO", "module": "tools", "message": "Starting format_json execution"}
{"timestamp": "2025-09-07 04:42:30,999", "level": "INFO", "module": "tools", "message": "Completed format_json execution"}
{"timestamp": "2025-09-07 04:45:32,528", "level": "INFO", "module": "tools", "message": "Starting repair_json execution"}
{"timestamp": "2025-09-07 04:45:32,769", "level": "INFO", "module": "tools", "message": "Completed repair_json execution"}
{"timestamp": "2025-09-07 04:45:50,042", "level": "INFO", "module": "tools", "message": "Starting repair_json execution"}
{"timestamp": "2025-09-07 04:45:50,068", "level": "INFO", "module": "tools", "message": "Completed repair_json execution"}
{"timestamp": "2025-09-07 04:46:32,611", "level": "INFO", "module": "tools", "message": "Starting advanced_json_processing execution"}
{"timestamp": "2025-09-07 04:46:33,226", "level": "INFO", "module": "tools", "message": "Completed advanced_json_processing execution"}
{"timestamp": "2025-09-07 04:46:33,227", "level": "INFO", "module": "tools", "message": "Starting advanced_yaml_processing execution"}
{"timestamp": "2025-09-07 04:46:33,694", "level": "INFO", "module": "tools", "message": "Completed advanced_yaml_processing execution"}
{"timestamp": "2025-09-07 04:46:33,704", "level": "INFO", "module": "tools", "message": "Starting structured_output_generation execution"}
{"timestamp": "2025-09-07 04:46:33,707", "level": "INFO", "module": "tools", "message": "Completed structured_output_generation execution"}
{"timestamp": "2025-09-07 04:46:33,708", "level": "INFO", "module": "tools", "message": "Starting batch_format_conversion execution"}
{"timestamp": "2025-09-07 04:46:33,708", "level": "INFO", "module": "tools", "message": "Starting structured_output_generation execution"}
{"timestamp": "2025-09-07 04:46:33,708", "level": "INFO", "module": "tools", "message": "Completed structured_output_generation execution"}
{"timestamp": "2025-09-07 04:46:33,720", "level": "INFO", "module": "tools", "message": "Starting structured_output_generation execution"}
{"timestamp": "2025-09-07 04:46:33,724", "level": "INFO", "module": "tools", "message": "Completed structured_output_generation execution"}
{"timestamp": "2025-09-07 04:46:33,724", "level": "INFO", "module": "tools", "message": "Starting structured_output_generation execution"}
{"timestamp": "2025-09-07 04:46:33,725", "level": "INFO", "module": "tools", "message": "Completed structured_output_generation execution"}
{"timestamp": "2025-09-07 04:46:33,727", "level": "INFO", "module": "tools", "message": "Starting structured_output_generation execution"}
{"timestamp": "2025-09-07 04:46:33,729", "level": "INFO", "module": "tools", "message": "Completed structured_output_generation execution"}
{"timestamp": "2025-09-07 04:46:33,729", "level": "INFO", "module": "tools", "message": "Starting structured_output_generation execution"}
{"timestamp": "2025-09-07 04:46:33,730", "level": "INFO", "module": "tools", "message": "Completed structured_output_generation execution"}
{"timestamp": "2025-09-07 04:46:33,731", "level": "INFO", "module": "tools", "message": "Starting structured_output_generation execution"}
{"timestamp": "2025-09-07 04:46:33,734", "level": "INFO", "module": "tools", "message": "Completed structured_output_generation execution"}
{"timestamp": "2025-09-07 04:46:33,735", "level": "INFO", "module": "tools", "message": "Starting structured_output_generation execution"}
{"timestamp": "2025-09-07 04:46:33,740", "level": "INFO", "module": "tools", "message": "Completed structured_output_generation execution"}
{"timestamp": "2025-09-07 04:46:33,740", "level": "INFO", "module": "tools", "message": "Starting structured_output_generation execution"}
{"timestamp": "2025-09-07 04:46:33,741", "level": "INFO", "module": "tools", "message": "Completed structured_output_generation execution"}
{"timestamp": "2025-09-07 04:46:33,741", "level": "INFO", "module": "tools", "message": "Starting structured_output_generation execution"}
{"timestamp": "2025-09-07 04:46:33,742", "level": "INFO", "module": "tools", "message": "Completed structured_output_generation execution"}
{"timestamp": "2025-09-07 04:46:33,742", "level": "INFO", "module": "tools", "message": "Starting structured_output_generation execution"}
{"timestamp": "2025-09-07 04:46:33,744", "level": "INFO", "module": "tools", "message": "Completed structured_output_generation execution"}
{"timestamp": "2025-09-07 04:46:33,744", "level": "INFO", "module": "tools", "message": "Completed batch_format_conversion execution"}
{"timestamp": "2025-09-07 04:46:33,748", "level": "INFO", "module": "tools", "message": "Starting validate_yaml execution"}
{"timestamp": "2025-09-07 04:46:33,754", "level": "INFO", "module": "tools", "message": "Completed validate_yaml execution"}
{"timestamp": "2025-09-07 04:46:33,948", "level": "INFO", "module": "tools", "message": "Starting repair_json execution"}
{"timestamp": "2025-09-07 04:46:34,441", "level": "INFO", "module": "tools", "message": "Completed repair_json execution"}
{"timestamp": "2025-09-07 04:46:34,442", "level": "INFO", "module": "tools", "message": "Starting validate_json execution"}
{"timestamp": "2025-09-07 04:46:34,445", "level": "INFO", "module": "tools", "message": "Completed validate_json execution"}
{"timestamp": "2025-09-07 04:46:34,445", "level": "INFO", "module": "tools", "message": "Starting format_json execution"}
{"timestamp": "2025-09-07 04:46:34,446", "level": "INFO", "module": "tools", "message": "Completed format_json execution"}
{"timestamp": "2025-09-07 04:46:34,447", "level": "INFO", "module": "tools", "message": "Starting format_json execution"}
{"timestamp": "2025-09-07 04:46:34,468", "level": "INFO", "module": "tools", "message": "Completed format_json execution"}
{"timestamp": "2025-09-07 04:46:34,469", "level": "INFO", "module": "tools", "message": "Starting format_json execution"}
{"timestamp": "2025-09-07 04:46:34,469", "level": "INFO", "module": "tools", "message": "Completed format_json execution"}
{"timestamp": "2025-09-07 04:46:34,469", "level": "INFO", "module": "tools", "message": "Starting format_json execution"}
{"timestamp": "2025-09-07 04:46:34,469", "level": "INFO", "module": "tools", "message": "Completed format_json execution"}
{"timestamp": "2025-09-07 04:46:34,476", "level": "INFO", "module": "tools", "message": "Starting format_json execution"}
{"timestamp": "2025-09-07 04:46:34,476", "level": "INFO", "module": "tools", "message": "Completed format_json execution"}
{"timestamp": "2025-09-07 07:19:11,184", "level": "INFO", "module": "tools", "message": "Starting advanced_json_processing execution"}
{"timestamp": "2025-09-07 07:19:11,211", "level": "INFO", "module": "tools", "message": "Completed advanced_json_processing execution"}
{"timestamp": "2025-09-07 07:19:35,745", "level": "INFO", "module": "tools", "message": "Starting advanced_json_processing execution"}
{"timestamp": "2025-09-07 07:19:36,282", "level": "INFO", "module": "tools", "message": "Completed advanced_json_processing execution"}
{"timestamp": "2025-09-07 07:21:23,960", "level": "INFO", "module": "tools", "message": "Starting advanced_yaml_processing execution"}
{"timestamp": "2025-09-07 07:21:24,672", "level": "INFO", "module": "tools", "message": "Completed advanced_yaml_processing execution"}
{"timestamp": "2025-09-07 07:21:36,858", "level": "INFO", "module": "tools", "message": "Starting advanced_yaml_processing execution"}
{"timestamp": "2025-09-07 07:21:37,544", "level": "INFO", "module": "tools", "message": "Completed advanced_yaml_processing execution"}
