[2025-08-22T10:53:52-04:00] Starting action: chmod
[2025-08-22T10:53:52-04:00] Running chmod for k8s scripts
[2025-08-22T10:53:52-04:00] Completed action: chmod
[2025-08-22T10:55:20-04:00] Starting action: deploy
[2025-08-22T10:55:20-04:00] Running deploy.sh
[2025-08-22T10:58:23-04:00] Starting action: deploy
[2025-08-22T10:58:23-04:00] Running deploy.sh
[2025-08-22T11:03:36-04:00] Starting action: deploy
[2025-08-22T11:03:36-04:00] Running deploy.sh
[2025-08-22T11:05:28-04:00] Starting action: deploy
[2025-08-22T11:05:28-04:00] Running deploy.sh
[2025-08-22T11:09:06-04:00] Starting action: deploy
[2025-08-22T11:09:06-04:00] Running deploy.sh
[2025-08-22T11:09:54-04:00] Starting action: deploy
[2025-08-22T11:09:54-04:00] Running deploy.sh
[2025-08-22T11:10:33-04:00] Starting action: deploy
[2025-08-22T11:10:33-04:00] Running deploy.sh
[2025-08-22T11:11:47-04:00] Starting action: deploy
[2025-08-22T11:11:47-04:00] Running deploy.sh
[2025-08-22T11:12:56-04:00] Starting action: deploy
[2025-08-22T11:12:56-04:00] Running deploy.sh
[2025-08-22T11:23:14-04:00] Starting action: deploy
[2025-08-22T11:23:14-04:00] Running deploy.sh
[2025-08-22T11:28:31-04:00] Starting action: deploy
[2025-08-22T11:28:31-04:00] Running deploy.sh
[2025-08-22T11:38:06-04:00] Starting action: deploy
[2025-08-22T11:38:06-04:00] Running deploy.sh
[2025-08-22T11:39:22-04:00] Starting action: deploy
[2025-08-22T11:39:22-04:00] Running deploy.sh
[2025-08-22T12:00:40-04:00] Starting action: deploy
[2025-08-22T12:00:41-04:00] Running deploy.sh
